                        ; This is a Systronix generated Main file
                        ;  Put your include statements in this file      
                        
   0000                 	ORG 00H 
   0000   75 90 0f      S1:	MOV P1,#0FH
   0003   11 16         	ACALL D1S  
   0005   75 90 f0      	MOV P1,#0F0H
   0008   11 16             ACALL D1S
   000a   75 90 0f          MOV P1,#0FH
   000d   11 16         	ACALL D1S  
   000f   75 90 f0      	MOV P1,#0F0H
   0012   11 16             ACALL D1S
   0014   01 00         	AJMP S1 
   0016                 D1S:
   0016   78 64         	MOV R0,#100D 
   0018                 LR0:	
   0018   7a 64         	MOV R2,#100D	
   001a                 L100:	
   001a   7b 09         	MOV R3,#9D
   001c                 L10:	
   001c   00            	NOP
   001d   00            	NOP
   001e   00            	NOP 
   001f   00            	NOP
   0020   00            	NOP
   0021   00            	NOP
   0022   00                NOP
   0023   00            	NOP  
   0024   db f6         	DJNZ R3,L10   
   0026   da f2         	DJNZ R2,L100   
   0028   d8 ee         	DJNZ R0,LR0   
   002a   22            	RET
   0000                 E1:	END
0016  D1S       0000  S1        001c  L10       001a  L100      0018  LR0       002b  E1        
